// Jest Snapshot v1, https://goo.gl/fbAQLP

exports[`UserList renders correctly 1`] = `
<div
  className="listItems"
>
  <div
    className="listrow current-row"
    onClick={[Function]}
  >
    <img
      src="test-file-stub"
    />
     
  </div>
</div>
`;
