// Jest Snapshot v1, https://goo.gl/fbAQLP

exports[`User renders correctly 1`] = `
<div
  className="listrow current-row"
  onClick={[Function]}
>
  <img
    src="test-file-stub"
  />
  test-first
   
  test-last
</div>
`;
